
> social-hub@1.0.0 build
> next build

   Γû▓ Next.js 14.0.4
   - Environments: .env.local

   Creating an optimized production build ...
